// Vitest Snapshot v1, https://vitest.dev/guide/snapshot.html

exports[`golden: replayed layouts > lays out every block of this file, and the fixture page, as it always has 1`] = `
[
  [
    {
      "fontSize": 28.49398156485347,
      "height": 175,
      "inset": 0,
      "left": 83.01203687029306,
      "letterSpacing": 0,
      "rotation": 0,
      "top": 0,
      "width": 56.98796312970694,
      "wrap": true,
    },
    {
      "fontSize": 34.024073740586125,
      "height": 233,
      "inset": -1.7012036870293064,
      "left": 48.98796312970694,
      "letterSpacing": 0,
      "rotation": 0,
      "top": 2,
      "width": 44,
      "wrap": false,
    },
    {
      "fontSize": 34.024073740586125,
      "height": 197,
      "inset": -1.7012036870293064,
      "left": 2.4879631297069373,
      "letterSpacing": 0,
      "rotation": 0,
      "top": 5,
      "width": 39,
      "wrap": false,
    },
  ],
  [
    {
      "fontSize": 47.01754385964912,
      "height": 134,
      "inset": -2.3508771929824563,
      "left": 59.49122807017544,
      "letterSpacing": 0,
      "rotation": 0,
      "top": 3,
      "width": 62,
      "wrap": false,
    },
    {
      "fontSize": 35.35564853556485,
      "height": 169,
      "inset": -4.2426778242677825,
      "left": 10.822175732217573,
      "letterSpacing": 0,
      "rotation": 0,
      "top": 0,
      "width": 57,
      "wrap": false,
    },
  ],
  [
    {
      "fontSize": 46.5,
      "height": 178,
      "inset": 0,
      "left": 107.25,
      "letterSpacing": 0,
      "rotation": 0,
      "top": 0,
      "width": 98.75,
      "wrap": true,
    },
    {
      "fontSize": 46.5,
      "height": 150,
      "inset": -1.8376927297421708,
      "left": 60.75,
      "letterSpacing": 1.082905045017398,
      "rotation": 0,
      "top": 19,
      "width": 68,
      "wrap": false,
    },
    {
      "fontSize": 46.5,
      "height": 227,
      "inset": -5.115,
      "left": 2.75,
      "letterSpacing": 1.082905045017398,
      "rotation": 0,
      "top": 22,
      "width": 52,
      "wrap": false,
    },
  ],
  [
    {
      "fontSize": 28.49398156485347,
      "height": 175,
      "inset": 0,
      "left": 83.01203687029306,
      "letterSpacing": 0,
      "rotation": 0,
      "top": 0,
      "width": 56.98796312970694,
      "wrap": true,
    },
    {
      "fontSize": 34.024073740586125,
      "height": 233,
      "inset": -1.7012036870293064,
      "left": 48.98796312970694,
      "letterSpacing": 0,
      "rotation": 0,
      "top": 2,
      "width": 44,
      "wrap": false,
    },
    {
      "fontSize": 34.024073740586125,
      "height": 197,
      "inset": -1.7012036870293064,
      "left": 2.4879631297069373,
      "letterSpacing": 0,
      "rotation": 0,
      "top": 5,
      "width": 39,
      "wrap": false,
    },
  ],
  [
    {
      "fontSize": 10.363636363636363,
      "height": 114,
      "inset": 0,
      "left": 0,
      "letterSpacing": 0,
      "rotation": 0,
      "top": 0,
      "width": 94,
      "wrap": true,
    },
  ],
  [
    {
      "fontSize": 118.66666666666667,
      "height": 390,
      "inset": 0,
      "left": 0,
      "letterSpacing": 0,
      "rotation": 0,
      "top": 0,
      "width": 356,
      "wrap": true,
    },
  ],
  [
    {
      "fontSize": 56.17977528089888,
      "height": 100,
      "inset": -6.741573033707866,
      "left": 21.91011235955056,
      "letterSpacing": 0,
      "rotation": 0,
      "top": 0,
      "width": 100,
      "wrap": false,
    },
  ],
  [
    {
      "fontSize": 28.49398156485347,
      "height": 175,
      "inset": 0,
      "left": 83.01203687029306,
      "letterSpacing": 0,
      "rotation": 0,
      "top": 0,
      "width": 56.98796312970694,
      "wrap": true,
    },
    {
      "fontSize": 34.024073740586125,
      "height": 233,
      "inset": -1.7012036870293064,
      "left": 48.98796312970694,
      "letterSpacing": 0,
      "rotation": 0,
      "top": 2,
      "width": 44,
      "wrap": false,
    },
    {
      "fontSize": 34.024073740586125,
      "height": 197,
      "inset": -1.7012036870293064,
      "left": 2.4879631297069373,
      "letterSpacing": 0,
      "rotation": 0,
      "top": 5,
      "width": 39,
      "wrap": false,
    },
  ],
  [
    {
      "fontSize": 28.49398156485347,
      "height": 175,
      "inset": 0,
      "left": 83.01203687029306,
      "letterSpacing": 0,
      "rotation": 0,
      "top": 0,
      "width": 56.98796312970694,
      "wrap": true,
    },
    {
      "fontSize": 34.024073740586125,
      "height": 233,
      "inset": -1.7012036870293064,
      "left": 48.98796312970694,
      "letterSpacing": 0,
      "rotation": 0,
      "top": 2,
      "width": 44,
      "wrap": false,
    },
    {
      "fontSize": 34.024073740586125,
      "height": 197,
      "inset": -1.7012036870293064,
      "left": 2.4879631297069373,
      "letterSpacing": 0,
      "rotation": 0,
      "top": 5,
      "width": 39,
      "wrap": false,
    },
  ],
  [
    {
      "fontSize": 32.95535700846762,
      "height": 162,
      "inset": 0,
      "left": 41.47767850423381,
      "letterSpacing": 0,
      "rotation": 0,
      "top": 0,
      "width": 109.52232149576619,
      "wrap": true,
    },
    {
      "fontSize": 32.95535700846762,
      "height": 131,
      "inset": 3.849907702662739,
      "left": 8.522321495766189,
      "letterSpacing": 12.217056784635822,
      "rotation": 0,
      "top": 17,
      "width": 50,
      "wrap": false,
    },
  ],
  [
    {
      "fontSize": 41.038,
      "height": 99,
      "inset": -4.51418,
      "left": 158.981,
      "letterSpacing": 0,
      "rotation": 0,
      "top": 0,
      "width": 63,
      "wrap": false,
    },
    {
      "fontSize": 41.038,
      "height": 236,
      "inset": -5.308999999999998,
      "left": 110.981,
      "letterSpacing": 0,
      "rotation": 0,
      "top": 8,
      "width": 39,
      "wrap": false,
    },
    {
      "fontSize": 41.038,
      "height": 128,
      "inset": -4.51418,
      "left": 60.481,
      "letterSpacing": 0,
      "rotation": 0,
      "top": 3,
      "width": 52,
      "wrap": false,
    },
    {
      "fontSize": 41.038,
      "height": 241,
      "inset": -4.92456,
      "left": 2.9810000000000016,
      "letterSpacing": 0,
      "rotation": 0,
      "top": 3,
      "width": 47,
      "wrap": false,
    },
  ],
  [
    {
      "fontSize": 41,
      "height": 199,
      "inset": -2.0500000000000003,
      "left": 172.5,
      "letterSpacing": 0.053201039973295394,
      "rotation": 0,
      "top": 6,
      "width": 46,
      "wrap": false,
    },
    {
      "fontSize": 41,
      "height": 205,
      "inset": -5.68,
      "left": 122.5,
      "letterSpacing": 0.053201039973295394,
      "rotation": 0,
      "top": 3,
      "width": 38,
      "wrap": false,
    },
    {
      "fontSize": 31.535694062442957,
      "height": 137,
      "inset": 0,
      "left": 47,
      "letterSpacing": 0,
      "rotation": 0,
      "top": 0,
      "width": 68,
      "wrap": true,
    },
    {
      "fontSize": 41,
      "height": 199,
      "inset": -2.0500000000000003,
      "left": 1.5,
      "letterSpacing": 0.053201039973295394,
      "rotation": 0,
      "top": 9,
      "width": 44,
      "wrap": false,
    },
  ],
  [
    {
      "fontSize": 33.12368972746331,
      "height": 158,
      "inset": -4.30607966457023,
      "left": 117.43815513626835,
      "letterSpacing": 0,
      "rotation": 0,
      "top": 93,
      "width": 50,
      "wrap": false,
    },
    {
      "fontSize": 102.68817204301077,
      "height": 382,
      "inset": -66.747311827957,
      "left": 7.655913978494617,
      "letterSpacing": 0,
      "rotation": 0,
      "top": 0,
      "width": 118,
      "wrap": false,
    },
    {
      "fontSize": 33.12368972746331,
      "height": 82,
      "inset": -3.9748427672955966,
      "left": 115.93815513626835,
      "letterSpacing": 0,
      "rotation": 0,
      "top": 259,
      "width": 41,
      "wrap": false,
    },
  ],
  [
    {
      "fontSize": 0.5,
      "height": 85,
      "hidden": true,
      "inset": 0,
      "left": 64,
      "letterSpacing": 0,
      "rotation": 0,
      "top": 14,
      "width": 51,
      "wrap": false,
    },
    {
      "fontSize": 34.333333333333336,
      "height": 156,
      "inset": 0,
      "left": 0,
      "letterSpacing": 0,
      "rotation": 0,
      "top": 0,
      "width": 103,
      "wrap": true,
    },
  ],
  [
    {
      "fontSize": 24.88888888888889,
      "height": 29.618181818181824,
      "inset": 0,
      "left": 78,
      "letterSpacing": 0,
      "rotation": 0,
      "top": 0,
      "width": 224,
      "wrap": true,
    },
    {
      "fontSize": 21.390909090909076,
      "height": 42.78181818181815,
      "inset": 0,
      "left": 78,
      "letterSpacing": 0,
      "rotation": 0,
      "top": 29.618181818181824,
      "width": 224,
      "wrap": true,
    },
    {
      "fontSize": 12.75,
      "height": 25.5,
      "inset": 0,
      "left": 59,
      "letterSpacing": 0,
      "rotation": 0,
      "top": 91,
      "width": 30,
      "wrap": true,
    },
    {
      "fontSize": 20.363636363636363,
      "height": 64.5,
      "inset": 0,
      "left": 78,
      "letterSpacing": 0,
      "rotation": 0,
      "top": 116.5,
      "width": 224,
      "wrap": true,
    },
    {
      "fontSize": 18.333333333333332,
      "height": 55,
      "inset": 0,
      "left": 27,
      "letterSpacing": 0,
      "rotation": 0,
      "top": 84,
      "width": 25,
      "wrap": true,
    },
  ],
  [
    {
      "fontSize": 40,
      "height": 240,
      "inset": -4.4,
      "left": 80,
      "letterSpacing": 1.6799999999999997,
      "rotation": 0,
      "top": 0,
      "width": 40,
      "wrap": false,
    },
    {
      "fontSize": 20,
      "height": 80,
      "inset": -2.2,
      "left": 60,
      "letterSpacing": 1.4000000000000021,
      "rotation": 0,
      "top": 0,
      "width": 20,
      "wrap": false,
    },
  ],
  [
    {
      "fontSize": 46.5,
      "height": 178,
      "inset": 0,
      "left": 107.25,
      "letterSpacing": 0,
      "rotation": 0,
      "top": 0,
      "width": 98.75,
      "wrap": true,
    },
    {
      "fontSize": 46.5,
      "height": 150,
      "inset": -1.8376927297421708,
      "left": 60.75,
      "letterSpacing": 1.082905045017398,
      "rotation": 0,
      "top": 19,
      "width": 68,
      "wrap": false,
    },
    {
      "fontSize": 46.5,
      "height": 227,
      "inset": -5.115,
      "left": 2.75,
      "letterSpacing": 1.082905045017398,
      "rotation": 0,
      "top": 22,
      "width": 52,
      "wrap": false,
    },
  ],
  [
    {
      "fontSize": 39.74025974025974,
      "height": 153,
      "inset": -1.987012987012987,
      "left": 76.62987012987013,
      "letterSpacing": 0,
      "rotation": 0,
      "top": 0,
      "width": 125,
      "wrap": false,
    },
    {
      "fontSize": 49,
      "height": 213,
      "inset": -5.39,
      "left": 1,
      "letterSpacing": 8.279999999999994,
      "rotation": 0,
      "top": 22,
      "width": 49,
      "wrap": false,
    },
  ],
  [
    {
      "fontSize": 60,
      "height": 60,
      "inset": -2.4,
      "left": 0,
      "letterSpacing": 21.36,
      "rotation": 0,
      "top": 0,
      "width": 300,
      "wrap": false,
    },
  ],
  [
    {
      "fontSize": 50,
      "height": 100,
      "inset": 0,
      "left": 0,
      "letterSpacing": 0,
      "rotation": 0,
      "top": 0,
      "width": 50,
      "wrap": false,
    },
  ],
  [
    {
      "fontSize": 50,
      "height": 300,
      "inset": 0,
      "left": 0,
      "letterSpacing": 0,
      "rotation": 0,
      "top": 0,
      "width": 50,
      "wrap": false,
    },
  ],
  null,
  null,
  null,
  null,
  [
    {
      "fontSize": 62.75,
      "height": 506,
      "inset": -2.5150000000000006,
      "left": 67.75,
      "letterSpacing": 58.045065058546186,
      "rotation": 0,
      "top": 80,
      "width": 79,
      "wrap": false,
    },
    {
      "fontSize": 62.75,
      "height": 531,
      "inset": -2.494999999999999,
      "left": 5,
      "letterSpacing": 58.045065058546186,
      "rotation": 0,
      "top": 61,
      "width": 84,
      "wrap": false,
    },
  ],
  [
    {
      "fontSize": 65.19719737671419,
      "height": 255,
      "inset": -3.2598598688357097,
      "left": 278.9014013116429,
      "letterSpacing": 0,
      "rotation": 0,
      "top": 30,
      "width": 87,
      "wrap": false,
    },
    {
      "fontSize": 61.90140131164293,
      "height": 312,
      "inset": 0,
      "left": 155.09859868835707,
      "letterSpacing": 0,
      "rotation": 0,
      "top": 0,
      "width": 123.80280262328586,
      "wrap": true,
    },
    {
      "fontSize": 65.19719737671419,
      "height": 320,
      "inset": -3.2598598688357097,
      "left": 89.9014013116429,
      "letterSpacing": 0,
      "rotation": 0,
      "top": 30,
      "width": 77,
      "wrap": false,
    },
    {
      "fontSize": 65.19719737671419,
      "height": 369,
      "inset": -11.343598688357094,
      "left": -2.598598688357093,
      "letterSpacing": 0,
      "rotation": 0,
      "top": 30,
      "width": 60,
      "wrap": false,
    },
  ],
  [
    {
      "fontSize": 28.49398156485347,
      "height": 175,
      "inset": 0,
      "left": 83.01203687029306,
      "letterSpacing": 0,
      "rotation": 0,
      "top": 0,
      "width": 56.98796312970694,
      "wrap": true,
    },
    {
      "fontSize": 34.024073740586125,
      "height": 233,
      "inset": -1.7012036870293064,
      "left": 48.98796312970694,
      "letterSpacing": 0,
      "rotation": 0,
      "top": 2,
      "width": 44,
      "wrap": false,
    },
    {
      "fontSize": 34.024073740586125,
      "height": 197,
      "inset": -1.7012036870293064,
      "left": 2.4879631297069373,
      "letterSpacing": 0,
      "rotation": 0,
      "top": 5,
      "width": 39,
      "wrap": false,
    },
  ],
  [
    {
      "fontSize": 47.01754385964912,
      "height": 134,
      "inset": -2.3508771929824563,
      "left": 59.49122807017544,
      "letterSpacing": 0,
      "rotation": 0,
      "top": 3,
      "width": 62,
      "wrap": false,
    },
    {
      "fontSize": 35.35564853556485,
      "height": 169,
      "inset": -4.2426778242677825,
      "left": 10.822175732217573,
      "letterSpacing": 0,
      "rotation": 0,
      "top": 0,
      "width": 57,
      "wrap": false,
    },
  ],
  [
    {
      "fontSize": 44.4985394352483,
      "height": 457,
      "inset": -2.224926971762415,
      "left": 141.25073028237586,
      "letterSpacing": 0,
      "rotation": 0,
      "top": 0,
      "width": 55,
      "wrap": false,
    },
    {
      "fontSize": 44.4985394352483,
      "height": 320,
      "inset": -2.224926971762415,
      "left": 71.75073028237586,
      "letterSpacing": 0,
      "rotation": 0,
      "top": 3,
      "width": 58,
      "wrap": false,
    },
    {
      "fontSize": 44.4985394352483,
      "height": 596,
      "inset": -6.29983363023681,
      "left": 6.2507302823758515,
      "letterSpacing": -2.526339205281616,
      "rotation": 0,
      "top": 0,
      "width": 57,
      "wrap": false,
    },
  ],
  [
    {
      "fontSize": 56.22333333333333,
      "height": 334,
      "inset": -2.811166666666667,
      "left": 146.38833333333332,
      "letterSpacing": 0,
      "rotation": 0,
      "top": 0,
      "width": 71,
      "wrap": false,
    },
    {
      "fontSize": 56.22333333333333,
      "height": 484,
      "inset": -6.184566666666666,
      "left": 65.88833333333334,
      "letterSpacing": 0,
      "rotation": 0,
      "top": 3,
      "width": 58,
      "wrap": false,
    },
    {
      "fontSize": 56.22333333333333,
      "height": 380,
      "inset": -7.051666666666665,
      "left": -1.1116666666666646,
      "letterSpacing": 0,
      "rotation": 0,
      "top": 3,
      "width": 54,
      "wrap": false,
    },
  ],
  [
    {
      "fontSize": 111.3259186643815,
      "height": 810,
      "inset": -72.36184713184798,
      "left": 158.83704066780925,
      "letterSpacing": 0,
      "rotation": 0,
      "top": 0,
      "width": 183,
      "wrap": false,
    },
    {
      "fontSize": 111.3259186643815,
      "height": 342,
      "inset": -5.566295933219076,
      "left": 26.337040667809248,
      "letterSpacing": 0,
      "rotation": 0,
      "top": 11,
      "width": 164,
      "wrap": false,
    },
  ],
  [
    {
      "fontSize": 117.73778920308483,
      "height": 916,
      "inset": -14.128534704370178,
      "left": 12.131105398457585,
      "letterSpacing": 0,
      "rotation": 0,
      "top": 0,
      "width": 142,
      "wrap": false,
    },
  ],
]
`;

exports[`layoutLines at the file's font size (original mode) > golden: file-size layouts 1`] = `
[
  [
    {
      "fontSize": 42,
      "height": 311.6,
      "inset": -5.4,
      "left": 49,
      "letterSpacing": -2,
      "rotation": 0,
      "top": 4.4,
      "width": 40,
      "wrap": false,
    },
    {
      "fontSize": 42,
      "height": 199.6,
      "inset": -5.4,
      "left": -1,
      "letterSpacing": 14,
      "rotation": 0,
      "top": 4.4,
      "width": 40,
      "wrap": false,
    },
  ],
  [
    {
      "fontSize": 20.8147487362474,
      "height": 175,
      "inset": -1.5090692833779369,
      "left": 99.5926256318763,
      "letterSpacing": -1.0407374368123712,
      "rotation": 0,
      "top": 0,
      "width": 60,
      "wrap": false,
    },
    {
      "fontSize": 35.81481446377487,
      "height": 233,
      "inset": -2.59657404862368,
      "left": 48.09259276811257,
      "letterSpacing": -1.7907407231887476,
      "rotation": 0,
      "top": 2,
      "width": 44,
      "wrap": false,
    },
    {
      "fontSize": 35.81481446377487,
      "height": 197,
      "inset": -2.59657404862368,
      "left": 1.5925927681125636,
      "letterSpacing": -1.7907407231887476,
      "rotation": 0,
      "top": 5,
      "width": 39,
      "wrap": false,
    },
  ],
  [
    {
      "fontSize": 0.5,
      "height": 85,
      "hidden": true,
      "inset": 0,
      "left": 64,
      "letterSpacing": 0,
      "rotation": 0,
      "top": 14,
      "width": 51,
      "wrap": false,
    },
    {
      "fontSize": 13.927949645105128,
      "height": 156,
      "inset": -1.8036694790411145,
      "left": 44.536025177447435,
      "letterSpacing": -0.6963974822552572,
      "rotation": 0,
      "top": 0,
      "width": 103,
      "wrap": false,
    },
  ],
  [
    {
      "fontSize": 16.046943296808575,
      "height": 109,
      "inset": -2.078079156936711,
      "left": 78,
      "letterSpacing": -0.8023471648404303,
      "rotation": 0,
      "top": 74.47652835159572,
      "width": 134,
      "wrap": false,
    },
    {
      "fontSize": 8.970824245915805,
      "height": 37,
      "inset": -1.1617217398460968,
      "left": 82,
      "letterSpacing": -0.44854121229579036,
      "rotation": 0,
      "top": 102.0145878770421,
      "width": 109,
      "wrap": false,
    },
    {
      "fontSize": 14.28911645629912,
      "height": 51,
      "inset": -1.8504405810907363,
      "left": 59,
      "letterSpacing": -0.7144558228149567,
      "rotation": 0,
      "top": 109.35544177185044,
      "width": 30,
      "wrap": false,
    },
    {
      "fontSize": 6.92141312184571,
      "height": 181,
      "inset": -0.501802451333814,
      "left": 86,
      "letterSpacing": -0.3460706560922855,
      "rotation": 0,
      "top": 87.03929343907714,
      "width": 216,
      "wrap": false,
    },
    {
      "fontSize": 8.198065256599444,
      "height": 55,
      "inset": -1.0616494507296284,
      "left": 27,
      "letterSpacing": -0.4099032628299728,
      "rotation": 0,
      "top": 107.40096737170028,
      "width": 25,
      "wrap": false,
    },
  ],
  [
    {
      "fontSize": 25.42743455013207,
      "height": 178,
      "inset": -1.8434890048845756,
      "left": 134.28628272493395,
      "letterSpacing": -1.2713717275066045,
      "rotation": 0,
      "top": 0,
      "width": 118,
      "wrap": false,
    },
    {
      "fontSize": 50.08726846843937,
      "height": 150,
      "inset": -3.6313269639618553,
      "left": 58.95636576578032,
      "letterSpacing": -2.504363423421971,
      "rotation": 0,
      "top": 19,
      "width": 68,
      "wrap": false,
    },
    {
      "fontSize": 50.08726846843937,
      "height": 227,
      "inset": -6.908634234219685,
      "left": 0.9563657657803155,
      "letterSpacing": -2.504363423421971,
      "rotation": 0,
      "top": 22,
      "width": 52,
      "wrap": false,
    },
  ],
]
`;

exports[`layoutLines with tilted quads > golden: tilted and letter-spaced layouts 1`] = `
[
  [
    {
      "fontSize": 50.000000000000064,
      "height": 360,
      "inset": -6.000000000000007,
      "left": 60.055941318268054,
      "letterSpacing": 14.199999999999925,
      "rotation": 19.999999999999996,
      "top": -2.304824675394741,
      "width": 50.000000000000064,
      "wrap": false,
    },
  ],
  [
    {
      "fontSize": 49.999999999999886,
      "height": 359.99999999999994,
      "inset": -5.999999999999986,
      "left": 98.72255965041313,
      "letterSpacing": 14.200000000000117,
      "rotation": -35,
      "top": -18.21322111920537,
      "width": 49.999999999999886,
      "wrap": false,
    },
  ],
  [
    {
      "fontSize": 50,
      "height": 50,
      "inset": -6,
      "left": 1.6065999838707228,
      "letterSpacing": 14.199999999999989,
      "rotation": -10.000000000000007,
      "top": 30.87686580535268,
      "width": 359.99999999999994,
      "wrap": false,
    },
  ],
  [
    {
      "fontSize": 49.999999999999886,
      "height": 300.00000000000006,
      "inset": -5.499999999999988,
      "left": 130.66438921722118,
      "letterSpacing": 15.125000000000142,
      "rotation": 34.99999999999999,
      "top": 21.626803733187643,
      "width": 49.999999999999886,
      "wrap": false,
    },
    {
      "fontSize": 49.999999999999886,
      "height": 300.00000000000006,
      "inset": -5.499999999999988,
      "left": 81.5152665598817,
      "letterSpacing": 2.1000000000001506,
      "rotation": 34.99999999999999,
      "top": -12.787782447875117,
      "width": 49.999999999999886,
      "wrap": false,
    },
  ],
  [
    {
      "fontSize": 40,
      "height": 320,
      "inset": -4.4,
      "left": 50,
      "letterSpacing": 1.1999999999999957,
      "rotation": 0,
      "top": 0,
      "width": 40,
      "wrap": false,
    },
    {
      "fontSize": 40,
      "height": 200,
      "inset": -4.4,
      "left": 0,
      "letterSpacing": 16.13333333333334,
      "rotation": 0,
      "top": 0,
      "width": 40,
      "wrap": false,
    },
  ],
  [
    {
      "fontSize": 40,
      "height": 40,
      "inset": -2,
      "left": 0,
      "letterSpacing": 20.4,
      "rotation": 0,
      "top": 0,
      "width": 300,
      "wrap": false,
    },
  ],
]
`;
